// Jest Snapshot v1, https://goo.gl/fbAQLP

exports[`it renders 1`] = `
<footer
  className="Footer"
>
  <Container>
    <div
      className="Footer-row"
    />
  </Container>
</footer>
`;
