// Jest Snapshot v1, https://goo.gl/fbAQLP

exports[`it renders 1`] = `
<div
  className="component"
>
  <div
    className="card"
    key="Learn Solidity"
    onClick={[Function]}
  >
    <CourseCard
      logo="solidity.svg"
      onClick={[Function]}
      path="/courses/learn-solidity"
      title="Learn Solidity"
    />
  </div>
  <div
    className="card"
    key="Build a Multi-Sig Wallet in Solidity"
    onClick={[Function]}
  >
    <CourseCard
      logo="solidity-app.svg"
      onClick={[Function]}
      path="/courses/multi-sig-wallet"
      title="Build a Multi-Sig Wallet in Solidity"
    />
  </div>
</div>
`;
