// Jest Snapshot v1, https://goo.gl/fbAQLP

exports[`it renders 1`] = `
<Layout
  lang="en"
>
  <SEO
    description="Learn how to program smart contracts."
    keywords={
      Array [
        "smart contract",
        "solidity",
        "ethereum",
      ]
    }
    lang="en"
    meta={Array []}
    title="Languages | Smart Contract Programmer"
  />
  <ul>
    <li>
      <a
        href="/en"
      >
        English
      </a>
    </li>
    <li>
      <a
        href="/jp"
      >
        Japanese - 日本語
      </a>
    </li>
  </ul>
</Layout>
`;
