// Jest Snapshot v1, https://goo.gl/fbAQLP

exports[`it renders 1`] = `
<BrowserRouter
  basename=""
>
  <Switch>
    <Route
      component={[Function]}
      key="0"
      path="/courses/multi-sig-wallet/chapter-00/00-intro"
    />
    <Route
      component={[Function]}
      key="1"
      path="/courses/multi-sig-wallet/chapter-00/01-constructor-exercise"
    />
    <Route
      component={[Function]}
      key="2"
      path="/courses/multi-sig-wallet/chapter-00/01-constructor-solution"
    />
    <Route
      component={[Function]}
      key="3"
      path="/courses/multi-sig-wallet/chapter-00/02-fallback-exercise"
    />
    <Route
      component={[Function]}
      key="4"
      path="/courses/multi-sig-wallet/chapter-00/02-fallback-solution"
    />
    <Route
      component={[Function]}
      key="5"
      path="/courses/multi-sig-wallet/chapter-00/03-submit-transaction-exercise"
    />
    <Route
      component={[Function]}
      key="6"
      path="/courses/multi-sig-wallet/chapter-00/03-submit-transaction-solution"
    />
    <Route
      component={[Function]}
      key="7"
      path="/courses/multi-sig-wallet/chapter-00/04-confirm-transaction-exercise"
    />
    <Route
      component={[Function]}
      key="8"
      path="/courses/multi-sig-wallet/chapter-00/04-confirm-transaction-solution"
    />
    <Route
      component={[Function]}
      key="9"
      path="/courses/multi-sig-wallet/chapter-00/05-execute-transaction-exercise"
    />
    <Route
      component={[Function]}
      key="10"
      path="/courses/multi-sig-wallet/chapter-00/05-execute-transaction-solution"
    />
    <Route
      component={[Function]}
      key="11"
      path="/courses/multi-sig-wallet/chapter-00/06-revoke-confirmation-exercise"
    />
    <Route
      component={[Function]}
      key="12"
      path="/courses/multi-sig-wallet/chapter-00/06-revoke-confirmation-solution"
    />
    <Route
      component={[Function]}
      key="13"
      path="/courses/multi-sig-wallet/chapter-00/07-demo"
    />
    <Route
      component={[Function]}
      key="14"
      path="/courses/multi-sig-wallet/chapter-00/08-code"
    />
    <Route
      component={[Function]}
      key="15"
      path="/courses/multi-sig-wallet/chapter-01/00-setup"
    />
    <Route
      component={[Function]}
      key="16"
      path="/courses/multi-sig-wallet/chapter-01/01-testing"
    />
    <Route
      component={[Function]}
      key="17"
      path="/courses/multi-sig-wallet/chapter-01/02-migration"
    />
    <Route
      component={[Function]}
      key="18"
      path="/courses/multi-sig-wallet/chapter-01/03-metamask"
    />
    <Route
      component={[Function]}
      key="19"
      path="/courses/multi-sig-wallet/chapter-02/00-overview"
    />
    <Route
      component={[Function]}
      key="20"
      path="/courses/multi-sig-wallet/chapter-02/01-setup"
    />
    <Route
      component={[Function]}
      path="/courses/multi-sig-wallet"
    />
    <Route
      component={[Function]}
    />
  </Switch>
</BrowserRouter>
`;
